Archive member included to satisfy reference by file (symbol)

c:/program files (x86)/gnu tools arm embedded/8 2018-q4-major/bin/../lib/gcc/arm-none-eabi/8.2.1/../../../../arm-none-eabi/lib/thumb/v7-m/nofp\libm.a(lib_a-sf_cos.o)
                              scene.o (cosf)
c:/program files (x86)/gnu tools arm embedded/8 2018-q4-major/bin/../lib/gcc/arm-none-eabi/8.2.1/../../../../arm-none-eabi/lib/thumb/v7-m/nofp\libm.a(lib_a-sf_sin.o)
                              scene.o (sinf)
c:/program files (x86)/gnu tools arm embedded/8 2018-q4-major/bin/../lib/gcc/arm-none-eabi/8.2.1/../../../../arm-none-eabi/lib/thumb/v7-m/nofp\libm.a(lib_a-w_pow.o)
                              bmp280.o (pow)
c:/program files (x86)/gnu tools arm embedded/8 2018-q4-major/bin/../lib/gcc/arm-none-eabi/8.2.1/../../../../arm-none-eabi/lib/thumb/v7-m/nofp\libm.a(lib_a-e_pow.o)
                              c:/program files (x86)/gnu tools arm embedded/8 2018-q4-major/bin/../lib/gcc/arm-none-eabi/8.2.1/../../../../arm-none-eabi/lib/thumb/v7-m/nofp\libm.a(lib_a-w_pow.o) (__ieee754_pow)
c:/program files (x86)/gnu tools arm embedded/8 2018-q4-major/bin/../lib/gcc/arm-none-eabi/8.2.1/../../../../arm-none-eabi/lib/thumb/v7-m/nofp\libm.a(lib_a-e_sqrt.o)
                              c:/program files (x86)/gnu tools arm embedded/8 2018-q4-major/bin/../lib/gcc/arm-none-eabi/8.2.1/../../../../arm-none-eabi/lib/thumb/v7-m/nofp\libm.a(lib_a-e_pow.o) (__ieee754_sqrt)
c:/program files (x86)/gnu tools arm embedded/8 2018-q4-major/bin/../lib/gcc/arm-none-eabi/8.2.1/../../../../arm-none-eabi/lib/thumb/v7-m/nofp\libm.a(lib_a-ef_rem_pio2.o)
                              c:/program files (x86)/gnu tools arm embedded/8 2018-q4-major/bin/../lib/gcc/arm-none-eabi/8.2.1/../../../../arm-none-eabi/lib/thumb/v7-m/nofp\libm.a(lib_a-sf_cos.o) (__ieee754_rem_pio2f)
c:/program files (x86)/gnu tools arm embedded/8 2018-q4-major/bin/../lib/gcc/arm-none-eabi/8.2.1/../../../../arm-none-eabi/lib/thumb/v7-m/nofp\libm.a(lib_a-kf_cos.o)
                              c:/program files (x86)/gnu tools arm embedded/8 2018-q4-major/bin/../lib/gcc/arm-none-eabi/8.2.1/../../../../arm-none-eabi/lib/thumb/v7-m/nofp\libm.a(lib_a-sf_cos.o) (__kernel_cosf)
c:/program files (x86)/gnu tools arm embedded/8 2018-q4-major/bin/../lib/gcc/arm-none-eabi/8.2.1/../../../../arm-none-eabi/lib/thumb/v7-m/nofp\libm.a(lib_a-kf_rem_pio2.o)
                              c:/program files (x86)/gnu tools arm embedded/8 2018-q4-major/bin/../lib/gcc/arm-none-eabi/8.2.1/../../../../arm-none-eabi/lib/thumb/v7-m/nofp\libm.a(lib_a-ef_rem_pio2.o) (__kernel_rem_pio2f)
c:/program files (x86)/gnu tools arm embedded/8 2018-q4-major/bin/../lib/gcc/arm-none-eabi/8.2.1/../../../../arm-none-eabi/lib/thumb/v7-m/nofp\libm.a(lib_a-kf_sin.o)
                              c:/program files (x86)/gnu tools arm embedded/8 2018-q4-major/bin/../lib/gcc/arm-none-eabi/8.2.1/../../../../arm-none-eabi/lib/thumb/v7-m/nofp\libm.a(lib_a-sf_cos.o) (__kernel_sinf)
c:/program files (x86)/gnu tools arm embedded/8 2018-q4-major/bin/../lib/gcc/arm-none-eabi/8.2.1/../../../../arm-none-eabi/lib/thumb/v7-m/nofp\libm.a(lib_a-s_fabs.o)
                              c:/program files (x86)/gnu tools arm embedded/8 2018-q4-major/bin/../lib/gcc/arm-none-eabi/8.2.1/../../../../arm-none-eabi/lib/thumb/v7-m/nofp\libm.a(lib_a-e_pow.o) (fabs)
c:/program files (x86)/gnu tools arm embedded/8 2018-q4-major/bin/../lib/gcc/arm-none-eabi/8.2.1/../../../../arm-none-eabi/lib/thumb/v7-m/nofp\libm.a(lib_a-s_finite.o)
                              c:/program files (x86)/gnu tools arm embedded/8 2018-q4-major/bin/../lib/gcc/arm-none-eabi/8.2.1/../../../../arm-none-eabi/lib/thumb/v7-m/nofp\libm.a(lib_a-w_pow.o) (finite)
c:/program files (x86)/gnu tools arm embedded/8 2018-q4-major/bin/../lib/gcc/arm-none-eabi/8.2.1/../../../../arm-none-eabi/lib/thumb/v7-m/nofp\libm.a(lib_a-s_lib_ver.o)
                              c:/program files (x86)/gnu tools arm embedded/8 2018-q4-major/bin/../lib/gcc/arm-none-eabi/8.2.1/../../../../arm-none-eabi/lib/thumb/v7-m/nofp\libm.a(lib_a-w_pow.o) (__fdlib_version)
c:/program files (x86)/gnu tools arm embedded/8 2018-q4-major/bin/../lib/gcc/arm-none-eabi/8.2.1/../../../../arm-none-eabi/lib/thumb/v7-m/nofp\libm.a(lib_a-s_matherr.o)
                              c:/program files (x86)/gnu tools arm embedded/8 2018-q4-major/bin/../lib/gcc/arm-none-eabi/8.2.1/../../../../arm-none-eabi/lib/thumb/v7-m/nofp\libm.a(lib_a-w_pow.o) (matherr)
c:/program files (x86)/gnu tools arm embedded/8 2018-q4-major/bin/../lib/gcc/arm-none-eabi/8.2.1/../../../../arm-none-eabi/lib/thumb/v7-m/nofp\libm.a(lib_a-s_nan.o)
                              c:/program files (x86)/gnu tools arm embedded/8 2018-q4-major/bin/../lib/gcc/arm-none-eabi/8.2.1/../../../../arm-none-eabi/lib/thumb/v7-m/nofp\libm.a(lib_a-e_pow.o) (nan)
[...]
Memory Configuration

Name             Origin             Length             Attributes
rom              0x00000000         0x00080000         xr
ram              0x20000000         0x00018000         xrw
nul              0x20018000         0x00000000         xrw
*default*        0x00000000         0xffffffff

Linker script and memory map

LOAD c:/program files (x86)/gnu tools arm embedded/8 2018-q4-major/bin/../lib/gcc/arm-none-eabi/8.2.1/thumb/v7-m/nofp\libgcc.a
LOAD scene.o
LOAD bmp280.o
LOAD hwlib.o
LOAD main.o
LOAD bmptk_cortex.o
LOAD bmptk_heap_none.o
LOAD bmptk_fixed_size_stack.o
LOAD c:/program files (x86)/gnu tools arm embedded/8 2018-q4-major/bin/../lib/gcc/arm-none-eabi/8.2.1/../../../../arm-none-eabi/lib/thumb/v7-m/nofp\libm.a
LOAD c:/program files (x86)/gnu tools arm embedded/8 2018-q4-major/bin/../lib/gcc/arm-none-eabi/8.2.1/thumb/v7-m/nofp\libgcc.a
LOAD c:/program files (x86)/gnu tools arm embedded/8 2018-q4-major/bin/../lib/gcc/arm-none-eabi/8.2.1/../../../../arm-none-eabi/lib/thumb/v7-m/nofp\libc.a
                0x00000000                __rom_start = ORIGIN (rom)
                0x00080000                __rom_size = LENGTH (rom)
                0x00080000                __rom_end = (__rom_start + __rom_size)
                0x20000000                __ram_start = ORIGIN (ram)
                0x00018000                __ram_size = LENGTH (ram)
                0x20018000                __ram_end = (__ram_start + __ram_size)
                [!provide]                PROVIDE (__rom_start = __rom_start)
                [!provide]                PROVIDE (__rom_size = __rom_size)
                [!provide]                PROVIDE (__rom_end = __rom_end)
                [!provide]                PROVIDE (__ram_start = __ram_start)
                [!provide]                PROVIDE (__ram_size = __ram_size)
                [!provide]                PROVIDE (__ram_end = __ram_end)

.text           0x00000000     0x3a88
                0x00000000                . = ALIGN (0x4)
                0x00000000                __text_start = .
                [!provide]                PROVIDE (__text_start = __text_start)
                0x00000000                . = ALIGN (0x4)
 *(.vectors)
 .vectors       0x00000000       0x20 bmptk_cortex.o
                0x00000000                __vectors
                0x00000020                . = ALIGN (0x4)
 *(.text .text.* .gnu.linkonce.t.*)
 .text._ZN5hwlib4line4drawERNS_6windowE
                0x00000020      0x104 scene.o
                0x00000020                hwlib::line::draw(hwlib::window&)
 .text._ZN6sam3xa10SystemInitEv
                0x00000124       0x7c scene.o
                0x00000124                sam3xa::SystemInit()
 .text._ZN3due8pin_infoENS_4pinsE
                0x000001a0       0x20 scene.o
                0x000001a0                due::pin_info(due::pins)
 .text._ZN3due14port_registersEm
                0x000001c0       0x3c scene.o
                0x000001c0                due::port_registers(unsigned long)
 .text._ZN3due12ticks_per_usEv
                0x000001fc        0x6 scene.o
                0x000001fc                due::ticks_per_us()
 *fill*         0x00000202        0x2 
 .text._ZN3due9now_ticksEv
                0x00000204       0x7c scene.o
                0x00000204                due::now_ticks()
 .text._ZN5hwlib9uart_putcEc
                0x00000280        0x4 scene.o
                0x00000280                hwlib::uart_putc(char)
 .text._ZN10GraphSceneC2ERN5hwlib29glcd_oled_i2c_128x64_bufferedENS0_2xyEjj
                0x00000284       0x94 scene.o
                0x00000284                GraphScene::GraphScene(hwlib::glcd_oled_i2c_128x64_buffered&, hwlib::xy, unsigned int, unsigned int)
                0x00000284                GraphScene::GraphScene(hwlib::glcd_oled_i2c_128x64_buffered&, hwlib::xy, unsigned int, unsigned int)
 .text._ZN10GraphScene4drawEv
                0x00000318       0xa4 scene.o
                0x00000318                GraphScene::draw()
 .text._ZN10GraphScene9push_backEf
                0x000003bc       0x22 scene.o
                0x000003bc                GraphScene::push_back(float)
 .text._ZN10GraphScene15set_range_scaleEii
                0x000003de       0x12 scene.o
                0x000003de                GraphScene::set_range_scale(int, int)
 .text._ZN5hwlib21i2c_write_transaction5writeEh.isra.8
                0x000003f0       0x18 bmp280.o
 .text._ZN5hwlib7ostream6fillerEi
                0x00000408       0x1a bmp280.o
                0x00000408                hwlib::ostream::filler(int)
 .text._ZN5hwliblsERNS_7ostreamEPKc
                0x00000422       0x4e bmp280.o
                0x00000422                hwlib::operator<<(hwlib::ostream&, char const*)
 .text._ZN5hwliblsERNS_7ostreamEi
                0x00000470       0xce bmp280.o
                0x00000470                hwlib::operator<<(hwlib::ostream&, int)
 .text._ZN5hwlib21i2c_write_transactionC2ERNS_14i2c_primitivesEj
                0x0000053e       0x24 bmp280.o
                0x0000053e                hwlib::i2c_write_transaction::i2c_write_transaction(hwlib::i2c_primitives&, unsigned int)
                0x0000053e                hwlib::i2c_write_transaction::i2c_write_transaction(hwlib::i2c_primitives&, unsigned int)
 .text._ZN5hwlib21i2c_write_transactionD2Ev
                0x00000562       0x18 bmp280.o
                0x00000562                hwlib::i2c_write_transaction::~i2c_write_transaction()
                0x00000562                hwlib::i2c_write_transaction::~i2c_write_transaction()
 .text._ZN5hwlib20i2c_read_transactionC2ERNS_14i2c_primitivesEj
                0x0000057a       0x32 bmp280.o
                0x0000057a                hwlib::i2c_read_transaction::i2c_read_transaction(hwlib::i2c_primitives&, unsigned int)
                0x0000057a                hwlib::i2c_read_transaction::i2c_read_transaction(hwlib::i2c_primitives&, unsigned int)
 .text._ZN5hwlib20i2c_read_transaction4readERh
                0x000005ac       0x1c bmp280.o
                0x000005ac                hwlib::i2c_read_transaction::read(unsigned char&)
 .text._ZN5hwlib20i2c_read_transaction4readEPhj
                0x000005c8       0x18 bmp280.o
                0x000005c8                hwlib::i2c_read_transaction::read(unsigned char*, unsigned int)
 .text._ZN5hwlib20i2c_read_transactionD2Ev
                0x000005e0       0x10 bmp280.o
                0x000005e0                hwlib::i2c_read_transaction::~i2c_read_transaction()
                0x000005e0                hwlib::i2c_read_transaction::~i2c_read_transaction()
 .text._ZN6bmp280C2ERN5hwlib7i2c_busEh
                0x000005f0       0x14 bmp280.o
                0x000005f0                bmp280::bmp280(hwlib::i2c_bus&, unsigned char)
                0x000005f0                bmp280::bmp280(hwlib::i2c_bus&, unsigned char)
 .text._ZN6bmp28023readCalibrationRegisterEh
                0x00000604       0x46 bmp280.o
                0x00000604                bmp280::readCalibrationRegister(unsigned char)
 .text._ZN6bmp28023retrieveCalibrationDataEv
                0x0000064a       0x7c bmp280.o
                0x0000064a                bmp280::retrieveCalibrationData()
 .text._ZN6bmp2807set_regEhh
                0x000006c6       0x4e bmp280.o
                0x000006c6                bmp280::set_reg(unsigned char, unsigned char)
 .text._ZN6bmp2807setModeE4MODE
                0x00000714       0x10 bmp280.o
                0x00000714                bmp280::setMode(MODE)
 .text._ZN6bmp28014setStandbyTimeE12STANDBY_TIME
                0x00000724       0x10 bmp280.o
                0x00000724                bmp280::setStandbyTime(STANDBY_TIME)
 .text._ZN6bmp2806setIIRE7IIR_RES
                0x00000734       0x10 bmp280.o
                0x00000734                bmp280::setIIR(IIR_RES)
 .text._ZN6bmp28013read_conf_regEv
                0x00000744       0x48 bmp280.o
                0x00000744                bmp280::read_conf_reg()
 .text._ZN6bmp28013read_ctrl_regEv
                0x0000078c       0x48 bmp280.o
                0x0000078c                bmp280::read_ctrl_reg()
 .text._ZN6bmp28015read_dev_id_regEv
                0x000007d4       0x48 bmp280.o
                0x000007d4                bmp280::read_dev_id_reg()
 .text._ZN6bmp2809configureEv
                0x0000081c       0x98 bmp280.o
                0x0000081c                bmp280::configure()
 .text._ZN6bmp28025bmp280_compensate_T_int32El
                0x000008b4       0x30 bmp280.o
                0x000008b4                bmp280::bmp280_compensate_T_int32(long)
 .text._ZN6bmp28014getTemperatureEv
                0x000008e4       0x78 bmp280.o
                0x000008e4                bmp280::getTemperature()
 .text._ZN6bmp28025bmp280_compensate_P_int32El
                0x0000095c       0x9c bmp280.o
                0x0000095c                bmp280::bmp280_compensate_P_int32(long)
 .text._ZN6bmp28011getPressureEv
                0x000009f8       0x6a bmp280.o
                0x000009f8                bmp280::getPressure()
 *fill*         0x00000a62        0x6 
 .text._ZN6bmp28011getAltitudeEd
                0x00000a68       0xb4 bmp280.o
                0x00000a68                bmp280::getAltitude(double)
 .text._ZN5hwlib20cout_using_uart_putc5flushEv
                0x00000b1c        0x2 hwlib.o
                0x00000b1c                hwlib::cout_using_uart_putc::flush()
 .text._ZN5hwlib5panicEPKcj
                0x00000b1e        0x2 hwlib.o
                0x00000b1e                hwlib::panic(char const*, unsigned int)
 .text._ZN5hwlib7ostreamlsEc
                0x00000b20        0xe hwlib.o
                0x00000b20                hwlib::ostream::operator<<(char)
 .text._ZN5hwlib3allENS_2xyE
                0x00000b2e       0x16 hwlib.o
                0x00000b2e                hwlib::all(hwlib::xy)
 .text._ZN5hwlib6window5writeENS_2xyENS_5colorE
                0x00000b44       0x3e hwlib.o
                0x00000b44                hwlib::window::write(hwlib::xy, hwlib::color)
 *fill*         0x00000b82        0x2 
 .text._ZN3due9uart_initEv
                0x00000b84       0x60 hwlib.o
                0x00000b84                due::uart_init()
 .text._ZN3due9uart_putcEc
                0x00000be4       0x1c hwlib.o
                0x00000be4                due::uart_putc(char)
 .text._ZN5hwlib20cout_using_uart_putc4putcEc
                0x00000c00        0xa hwlib.o
                0x00000c00                hwlib::cout_using_uart_putc::putc(char)
 .text._ZN5hwlib6now_usEv
                0x00000c0a       0x1c hwlib.o
                0x00000c0a                hwlib::now_us()
 .text._ZN5hwlib12wait_us_busyEi
                0x00000c26       0x1c hwlib.o
                0x00000c26                hwlib::wait_us_busy(int)
 .text._ZN5hwlib7wait_usEi
                0x00000c42        0x8 hwlib.o
                0x00000c42                hwlib::wait_us(int)
 .text._ZN5hwlib12wait_ms_busyEi
                0x00000c4a       0x16 hwlib.o
                0x00000c4a                hwlib::wait_ms_busy(int)
 .text._ZN5hwlib7wait_msEi
                0x00000c60        0x8 hwlib.o
                0x00000c60                hwlib::wait_ms(int)
 .text._ZN5hwlib14i2c_primitives8read_ackEv
                0x00000c68       0x10 main.o
                0x00000c68                hwlib::i2c_primitives::read_ack()
 .text._ZN5hwlib14i2c_primitives9write_ackEv
                0x00000c78        0x8 main.o
                0x00000c78                hwlib::i2c_primitives::write_ack()
 .text._ZN5hwlib14i2c_primitives10write_nackEv
                0x00000c80        0x8 main.o
                0x00000c80                hwlib::i2c_primitives::write_nack()
 .text._ZN5hwlib14i2c_primitives5writeEh
                0x00000c88       0x1c main.o
                0x00000c88                hwlib::i2c_primitives::write(unsigned char)
 .text._ZN5hwlib14i2c_primitives5writeEPKhj
                0x00000ca4       0x24 main.o
                0x00000ca4                hwlib::i2c_primitives::write(unsigned char const*, unsigned int)
 .text._ZN5hwlib14i2c_primitives9read_byteEv
                0x00000cc8       0x20 main.o
                0x00000cc8                hwlib::i2c_primitives::read_byte()
 .text._ZN5hwlib14i2c_primitives4readEbPhj
                0x00000ce8       0x36 main.o
                0x00000ce8                hwlib::i2c_primitives::read(bool, unsigned char*, unsigned int)
 .text._ZN5hwlib29glcd_oled_i2c_128x64_buffered20write_implementationENS_2xyENS_5colorE
                0x00000d1e       0x64 main.o
                0x00000d1e                hwlib::glcd_oled_i2c_128x64_buffered::write_implementation(hwlib::xy, hwlib::color)
 .text._ZN3due6pin_oc4readEv
                0x00000d82       0x10 main.o
                0x00000d82                due::pin_oc::read()
 .text._ZN3due6pin_oc5writeEb
                0x00000d92       0x10 main.o
                0x00000d92                due::pin_oc::write(bool)
 .text._ZN3due6pin_oc5flushEv
                0x00000da2        0x2 main.o
                0x00000da2                due::pin_oc::flush()
 .text._ZN3due6pin_oc7refreshEv
                0x00000da4        0x2 main.o
                0x00000da4                due::pin_oc::refresh()
 .text._ZN5hwlib7ostream7reverse10add_prefixERKS0_.part.1
                0x00000da6       0x4c main.o
 .text._ZN5hwliblsERNS_7ostreamENS_6_flushE.isra.2
                0x00000df2        0xe main.o
 .text._ZN5hwlib21i2c_write_transaction5writeEPKhj.isra.10
                0x00000e00        0x6 main.o
 .text._ZN5hwlib26i2c_bus_bit_banged_scl_sda16wait_half_periodEv.isra.13
                0x00000e06        0x6 main.o
 .text._ZN5hwlib26i2c_bus_bit_banged_scl_sda10write_stopEv
                0x00000e0c       0x60 main.o
                0x00000e0c                hwlib::i2c_bus_bit_banged_scl_sda::write_stop()
 .text._ZN5hwlib26i2c_bus_bit_banged_scl_sda11write_startEv
                0x00000e6c       0x34 main.o
                0x00000e6c                hwlib::i2c_bus_bit_banged_scl_sda::write_start()
 .text._ZN5hwlib26i2c_bus_bit_banged_scl_sda8read_bitEv
                0x00000ea0       0x68 main.o
                0x00000ea0                hwlib::i2c_bus_bit_banged_scl_sda::read_bit()
 .text._ZN5hwlib26i2c_bus_bit_banged_scl_sda9write_bitEb
                0x00000f08       0x52 main.o
                0x00000f08                hwlib::i2c_bus_bit_banged_scl_sda::write_bit(bool)
 .text._ZN5hwliblsERNS_7ostreamEx
                0x00000f5a       0xc4 main.o
                0x00000f5a                hwlib::operator<<(hwlib::ostream&, long long)
 *fill*         0x0000101e        0x2 
 .text._ZlsRN5hwlib7ostreamERKf.isra.18
                0x00001020       0x5c main.o
 .text._ZNK5hwlib2xyneERKS0_
                0x0000107c       0x1c main.o
                0x0000107c                hwlib::xy::operator!=(hwlib::xy const&) const
 .text._ZN5hwlib13xy_iterator_tppEv
                0x00001098       0x18 main.o
                0x00001098                hwlib::xy_iterator_t::operator++()
 .text._ZN5hwlib6window5clearENS_5colorE
                0x000010b0       0x5a main.o
                0x000010b0                hwlib::window::clear(hwlib::color)
 .text._ZN5hwlib6window5clearEv
                0x0000110a       0x58 main.o
                0x0000110a                hwlib::window::clear()
 .text._ZN5hwlib11ssd1306_i2c7commandENS_16ssd1306_commandsEhh
                0x00001162       0x3c main.o
                0x00001162                hwlib::ssd1306_i2c::command(hwlib::ssd1306_commands, unsigned char, unsigned char)
 .text._ZN5hwlib29glcd_oled_i2c_128x64_buffered5flushEv
                0x0000119e       0x58 main.o
                0x0000119e                hwlib::glcd_oled_i2c_128x64_buffered::flush()
 *fill*         0x000011f6        0x2 
 .text._ZN3due6pin_ocC2ENS_4pinsE
                0x000011f8       0x34 main.o
                0x000011f8                due::pin_oc::pin_oc(due::pins)
                0x000011f8                due::pin_oc::pin_oc(due::pins)
 *fill*         0x0000122c        0x4 
 .text.startup.main
                0x00001230      0x1a8 main.o
                0x00001230                main
 .text.__startup
                0x000013d8       0x40 bmptk_cortex.o
                0x000013d8                __startup
 .text.pow      0x00001418      0x320 c:/program files (x86)/gnu tools arm embedded/8 2018-q4-major/bin/../lib/gcc/arm-none-eabi/8.2.1/../../../../arm-none-eabi/lib/thumb/v7-m/nofp\libm.a(lib_a-w_pow.o)
                0x00001418                pow
 .text.__ieee754_pow
                0x00001738      0xaa4 c:/program files (x86)/gnu tools arm embedded/8 2018-q4-major/bin/../lib/gcc/arm-none-eabi/8.2.1/../../../../arm-none-eabi/lib/thumb/v7-m/nofp\libm.a(lib_a-e_pow.o)
                0x00001738                __ieee754_pow
 .text.__ieee754_sqrt
                0x000021dc      0x184 c:/program files (x86)/gnu tools arm embedded/8 2018-q4-major/bin/../lib/gcc/arm-none-eabi/8.2.1/../../../../arm-none-eabi/lib/thumb/v7-m/nofp\libm.a(lib_a-e_sqrt.o)
                0x000021dc                __ieee754_sqrt
 .text.fabs     0x00002360        0x8 c:/program files (x86)/gnu tools arm embedded/8 2018-q4-major/bin/../lib/gcc/arm-none-eabi/8.2.1/../../../../arm-none-eabi/lib/thumb/v7-m/nofp\libm.a(lib_a-s_fabs.o)
                0x00002360                fabs
 .text.finite   0x00002368        0xc c:/program files (x86)/gnu tools arm embedded/8 2018-q4-major/bin/../lib/gcc/arm-none-eabi/8.2.1/../../../../arm-none-eabi/lib/thumb/v7-m/nofp\libm.a(lib_a-s_finite.o)
                0x00002368                finite
 .text.matherr  0x00002374        0x4 c:/program files (x86)/gnu tools arm embedded/8 2018-q4-major/bin/../lib/gcc/arm-none-eabi/8.2.1/../../../../arm-none-eabi/lib/thumb/v7-m/nofp\libm.a(lib_a-s_matherr.o)
                0x00002374                matherr
 .text.nan      0x00002378        0xc c:/program files (x86)/gnu tools arm embedded/8 2018-q4-major/bin/../lib/gcc/arm-none-eabi/8.2.1/../../../../arm-none-eabi/lib/thumb/v7-m/nofp\libm.a(lib_a-s_nan.o)
                0x00002378                nan
 .text.rint     0x00002384      0x114 c:/program files (x86)/gnu tools arm embedded/8 2018-q4-major/bin/../lib/gcc/arm-none-eabi/8.2.1/../../../../arm-none-eabi/lib/thumb/v7-m/nofp\libm.a(lib_a-s_rint.o)
                0x00002384                rint
 .text.scalbn   0x00002498       0xf4 c:/program files (x86)/gnu tools arm embedded/8 2018-q4-major/bin/../lib/gcc/arm-none-eabi/8.2.1/../../../../arm-none-eabi/lib/thumb/v7-m/nofp\libm.a(lib_a-s_scalbn.o)
                0x00002498                scalbn
 .text          0x0000258c      0x378 c:/program files (x86)/gnu tools arm embedded/8 2018-q4-major/bin/../lib/gcc/arm-none-eabi/8.2.1/thumb/v7-m/nofp\libgcc.a(_arm_addsubdf3.o)
                0x0000258c                __aeabi_drsub
                0x00002594                __aeabi_dsub
                0x00002594                __subdf3
                0x00002598                __aeabi_dadd
                0x00002598                __adddf3
                0x00002810                __floatunsidf
                0x00002810                __aeabi_ui2d
                0x00002830                __floatsidf
                0x00002830                __aeabi_i2d
                0x00002854                __aeabi_f2d
                0x00002854                __extendsfdf2
                0x00002898                __floatundidf
                0x00002898                __aeabi_ul2d
                0x000028a8                __floatdidf
                0x000028a8                __aeabi_l2d
 .text          0x00002904      0x424 c:/program files (x86)/gnu tools arm embedded/8 2018-q4-major/bin/../lib/gcc/arm-none-eabi/8.2.1/thumb/v7-m/nofp\libgcc.a(_arm_muldivdf3.o)
                0x00002904                __aeabi_dmul
                0x00002904                __muldf3
                0x00002b58                __divdf3
                0x00002b58                __aeabi_ddiv
 .text          0x00002d28      0x110 c:/program files (x86)/gnu tools arm embedded/8 2018-q4-major/bin/../lib/gcc/arm-none-eabi/8.2.1/thumb/v7-m/nofp\libgcc.a(_arm_cmpdf2.o)
                0x00002d28                __gtdf2
                0x00002d28                __gedf2
                0x00002d30                __ltdf2
                0x00002d30                __ledf2
                0x00002d38                __nedf2
                0x00002d38                __eqdf2
                0x00002d38                __cmpdf2
                0x00002db4                __aeabi_cdrcmple
                0x00002dc4                __aeabi_cdcmpeq
                0x00002dc4                __aeabi_cdcmple
                0x00002dd4                __aeabi_dcmpeq
                0x00002de8                __aeabi_dcmplt
                0x00002dfc                __aeabi_dcmple
                0x00002e10                __aeabi_dcmpge
                0x00002e24                __aeabi_dcmpgt
 .text          0x00002e38       0x2c c:/program files (x86)/gnu tools arm embedded/8 2018-q4-major/bin/../lib/gcc/arm-none-eabi/8.2.1/thumb/v7-m/nofp\libgcc.a(_arm_unorddf2.o)
                0x00002e38                __unorddf2
                0x00002e38                __aeabi_dcmpun
 .text          0x00002e64       0xa0 c:/program files (x86)/gnu tools arm embedded/8 2018-q4-major/bin/../lib/gcc/arm-none-eabi/8.2.1/thumb/v7-m/nofp\libgcc.a(_arm_truncdfsf2.o)
                0x00002e64                __truncdfsf2
                0x00002e64                __aeabi_d2f
 .text          0x00002f04      0x21c c:/program files (x86)/gnu tools arm embedded/8 2018-q4-major/bin/../lib/gcc/arm-none-eabi/8.2.1/thumb/v7-m/nofp\libgcc.a(_arm_addsubsf3.o)
                0x00002f04                __aeabi_frsub
                0x00002f0c                __subsf3
                0x00002f0c                __aeabi_fsub
                0x00002f10                __aeabi_fadd
                0x00002f10                __addsf3
                0x00003070                __aeabi_ui2f
                0x00003070                __floatunsisf
                0x00003078                __aeabi_i2f
                0x00003078                __floatsisf
                0x00003094                __aeabi_ul2f
                0x00003094                __floatundisf
                0x000030a4                __aeabi_l2f
                0x000030a4                __floatdisf
 .text          0x00003120      0x2a0 c:/program files (x86)/gnu tools arm embedded/8 2018-q4-major/bin/../lib/gcc/arm-none-eabi/8.2.1/thumb/v7-m/nofp\libgcc.a(_arm_muldivsf3.o)
                0x00003120                __mulsf3
                0x00003120                __aeabi_fmul
                0x00003288                __aeabi_fdiv
                0x00003288                __divsf3
 .text          0x000033c0       0x4c c:/program files (x86)/gnu tools arm embedded/8 2018-q4-major/bin/../lib/gcc/arm-none-eabi/8.2.1/thumb/v7-m/nofp\libgcc.a(_arm_fixsfsi.o)
                0x000033c0                __aeabi_f2iz
                0x000033c0                __fixsfsi
 .text          0x0000340c       0x40 c:/program files (x86)/gnu tools arm embedded/8 2018-q4-major/bin/../lib/gcc/arm-none-eabi/8.2.1/thumb/v7-m/nofp\libgcc.a(_arm_fixunssfsi.o)
                0x0000340c                __fixunssfsi
                0x0000340c                __aeabi_f2uiz
 .text          0x0000344c       0xa0 c:/program files (x86)/gnu tools arm embedded/8 2018-q4-major/bin/../lib/gcc/arm-none-eabi/8.2.1/thumb/v7-m/nofp\libgcc.a(_aeabi_ldivmod.o)
                0x0000344c                __aeabi_ldivmod
 .text          0x000034ec       0x30 c:/program files (x86)/gnu tools arm embedded/8 2018-q4-major/bin/../lib/gcc/arm-none-eabi/8.2.1/thumb/v7-m/nofp\libgcc.a(_aeabi_uldivmod.o)
                0x000034ec                __aeabi_uldivmod
 .text          0x0000351c      0x2d0 c:/program files (x86)/gnu tools arm embedded/8 2018-q4-major/bin/../lib/gcc/arm-none-eabi/8.2.1/thumb/v7-m/nofp\libgcc.a(_udivmoddi4.o)
                0x0000351c                __udivmoddi4
 .text          0x000037ec        0x4 c:/program files (x86)/gnu tools arm embedded/8 2018-q4-major/bin/../lib/gcc/arm-none-eabi/8.2.1/thumb/v7-m/nofp\libgcc.a(_dvmd_tls.o)
                0x000037ec                __aeabi_ldiv0
 .text.__errno  0x000037f0        0xc c:/program files (x86)/gnu tools arm embedded/8 2018-q4-major/bin/../lib/gcc/arm-none-eabi/8.2.1/../../../../arm-none-eabi/lib/thumb/v7-m/nofp\libc.a(lib_a-errno.o)
                0x000037f0                __errno
 .text.memset   0x000037fc       0xa0 c:/program files (x86)/gnu tools arm embedded/8 2018-q4-major/bin/../lib/gcc/arm-none-eabi/8.2.1/../../../../arm-none-eabi/lib/thumb/v7-m/nofp\libc.a(lib_a-memset.o)
                0x000037fc                memset
                0x0000389c                . = ALIGN (0x4)
 *(.glue_7t .glue_7)
 .glue_7        0x0000389c        0x0 linker stubs
 .glue_7t       0x0000389c        0x0 linker stubs
                0x0000389c                . = ALIGN (0x4)
 *(.rodata .rodata.* .gnu.linkonce.r.*)
 .rodata._ZTVN5hwlib4lineE
                0x0000389c        0xc scene.o
                0x0000389c                vtable for hwlib::line
 .rodata.CSWTCH.101
                0x000038a8       0x10 scene.o
 .rodata._ZN3due8pin_infoENS_4pinsE.str1.1
                0x000038b8       0x35 scene.o
 .rodata._ZZN3due8pin_infoENS_4pinsEE14pin_info_array
                0x000038ed       0xa4 scene.o
 *fill*         0x00003991        0x3 
 .rodata._ZTVN5hwlib20cout_using_uart_putcE
                0x00003994       0x10 hwlib.o
                0x00003994                vtable for hwlib::cout_using_uart_putc
 .rodata._ZTVN5hwlib26i2c_bus_bit_banged_scl_sdaE
                0x000039a4       0x34 main.o
                0x000039a4                vtable for hwlib::i2c_bus_bit_banged_scl_sda
 .rodata._ZTVN5hwlib29glcd_oled_i2c_128x64_bufferedE
                0x000039d8       0x18 main.o
                0x000039d8                vtable for hwlib::glcd_oled_i2c_128x64_buffered
 .rodata._ZTVN3due6pin_ocE
                0x000039f0       0x18 main.o
                0x000039f0                vtable for due::pin_oc
 .rodata._ZN5hwlibL22ssd1306_initializationE
                0x00003a08       0x29 main.o
 .rodata.main.str1.1
                0x00003a31       0x38 main.o
                                 0x3a (size before relaxing)
 *fill*         0x00003a69        0x3 
 .rodata.pow.str1.4
                0x00003a6c        0x4 c:/program files (x86)/gnu tools arm embedded/8 2018-q4-major/bin/../lib/gcc/arm-none-eabi/8.2.1/../../../../arm-none-eabi/lib/thumb/v7-m/nofp\libm.a(lib_a-w_pow.o)
 .rodata.__ieee754_pow.str1.4
                0x00003a70        0x4 c:/program files (x86)/gnu tools arm embedded/8 2018-q4-major/bin/../lib/gcc/arm-none-eabi/8.2.1/../../../../arm-none-eabi/lib/thumb/v7-m/nofp\libm.a(lib_a-e_pow.o)
                                  0x1 (size before relaxing)
 *fill*         0x00003a74        0x4 
 .rodata.TWO52  0x00003a78       0x10 c:/program files (x86)/gnu tools arm embedded/8 2018-q4-major/bin/../lib/gcc/arm-none-eabi/8.2.1/../../../../arm-none-eabi/lib/thumb/v7-m/nofp\libm.a(lib_a-s_rint.o)
                0x00003a88                . = ALIGN (0x4)
 *(.ARM.extab* .gnu.linkonce.armextab.*)
                0x00003a88                . = ALIGN (0x4)
 *(.gcc_except_table)
                0x00003a88                . = ALIGN (0x4)
 *(.eh_frame_hdr)
                0x00003a88                . = ALIGN (0x4)
 *(.eh_frame)
                0x00003a88                . = ALIGN (0x4)
                0x00003a88                __text_end = .
                [!provide]                PROVIDE (__text_end = __text_end)

.vfp11_veneer   0x00003a88        0x0
 .vfp11_veneer  0x00003a88        0x0 linker stubs

.v4_bx          0x00003a88        0x0
 .v4_bx         0x00003a88        0x0 linker stubs

.iplt           0x00003a88        0x0
 .iplt          0x00003a88        0x0 scene.o

.IF_YOU_SEE_THIS_YOU_HAVE_ONE_OR_MORE_GLOBAL_OBJECT_CONSTRUCTORS
 *(.init)
 *(.preinit_array)
 *(SORT_BY_NAME(.init_array.*))
 *(.init_array)
                0x00003a88                . = ALIGN (0x4)
                0x00003a88                __exidx_start = .
                [!provide]                PROVIDE (__exidx_start = __exidx_start)

.ARM.exidx      0x00003a88        0x8
 *(.ARM.exidx* .gnu.linkonce.armexidx.*)
 .ARM.exidx     0x00003a88        0x8 c:/program files (x86)/gnu tools arm embedded/8 2018-q4-major/bin/../lib/gcc/arm-none-eabi/8.2.1/thumb/v7-m/nofp\libgcc.a(_udivmoddi4.o)

.rel.dyn        0x00003a90        0x0
 .rel.iplt      0x00003a90        0x0 scene.o
                0x00003a90                . = ALIGN (0x4)
                0x00003a90                __exidx_end = .
                [!provide]                PROVIDE (__exidx_end = __exidx_end)

.bss            0x20000000    0x12010
                0x20000000                . = ALIGN (0x4)
                0x20000000                __stack_start = .
                [!provide]                PROVIDE (__stack_start = __stack_start)
                0x20000000                . = ALIGN (0x4)
 *(.bmptk_stack)
 .bmptk_stack   0x20000000    0x12000 bmptk_fixed_size_stack.o
                0x20000000                bmptk_stack
                0x20012000                . = ALIGN (0x8)
                0x20012000                __main_stack_end = .
                [!provide]                PROVIDE (__main_stack_end = __main_stack_end)
                0x20012000                . = ALIGN (0x4)
                0x20012000                __stack_end = .
                [!provide]                PROVIDE (__stack_end = __stack_end)
                0x20012000                . = ALIGN (0x4)
                0x20012000                __bss_start = .
                [!provide]                PROVIDE (__bss_start = __bss_start)
                0x20012000                . = ALIGN (0x4)
 *(.bss .bss.* .gnu.linkonce.b.*)
 .bss._ZZN3due9now_ticksEvE4high
                0x20012000        0x8 scene.o
 .bss._ZZN3due9now_ticksEvE8last_low
                0x20012008        0x4 scene.o
 .bss._ZZN3due9now_ticksEvE9init_done
                0x2001200c        0x1 scene.o
 .bss._ZZN3due9uart_initEvE9init_done
                0x2001200d        0x1 hwlib.o
                0x20012010                . = ALIGN (0x4)
 *fill*         0x2001200e        0x2 
 *(COMMON)
                0x20012010                . = ALIGN (0x4)
                0x20012010                __bss_end = .
                [!provide]                PROVIDE (__bss_end = __bss_end)

.data           0x20012010      0x450 load address 0x00003a90
                0x20012010                . = ALIGN (0x4)
                0x00003a90                __data_init_start = LOADADDR (.data)
                [!provide]                PROVIDE (__data_init_start = __data_init_start)
                0x20012010                __data_start = .
                [!provide]                PROVIDE (__data_start = __data_start)
                0x20012010                . = ALIGN (0x4)
 *(.data .data.* .gnu.linkonce.d.*)
 .data._ZN6sam3xa15SystemCoreClockE
                0x20012010        0x4 scene.o
                0x20012010                sam3xa::SystemCoreClock
 .data._ZN3due7hw_uartE
                0x20012014        0x4 hwlib.o
                0x20012014                due::hw_uart
 .data._ZN5hwlib4coutE
                0x20012018       0x14 hwlib.o
                0x20012018                hwlib::cout
 .data.__fdlib_version
                0x2001202c        0x1 c:/program files (x86)/gnu tools arm embedded/8 2018-q4-major/bin/../lib/gcc/arm-none-eabi/8.2.1/../../../../arm-none-eabi/lib/thumb/v7-m/nofp\libm.a(lib_a-s_lib_ver.o)
                0x2001202c                __fdlib_version
 *fill*         0x2001202d        0x3 
 .data._impure_ptr
                0x20012030        0x4 c:/program files (x86)/gnu tools arm embedded/8 2018-q4-major/bin/../lib/gcc/arm-none-eabi/8.2.1/../../../../arm-none-eabi/lib/thumb/v7-m/nofp\libc.a(lib_a-impure.o)
                0x20012030                _impure_ptr
 *fill*         0x20012034        0x4 
 .data.impure_data
                0x20012038      0x428 c:/program files (x86)/gnu tools arm embedded/8 2018-q4-major/bin/../lib/gcc/arm-none-eabi/8.2.1/../../../../arm-none-eabi/lib/thumb/v7-m/nofp\libc.a(lib_a-impure.o)
                0x20012460                . = ALIGN (0x4)
                0x20012460                __data_end = .
                [!provide]                PROVIDE (__data_end = __data_end)
                0x00003a90                __data_init_end = LOADADDR (.data)
                [!provide]                PROVIDE (__data_init_end = __data_init_end)
                [!provide]                PROVIDE (__data_size = (__data_end - __data_start))
                [!provide]                PROVIDE (__data_init_size = __data_size)
                [!provide]                PROVIDE (__data_init_end = (__data_init_start + __data_init_size))

.igot.plt       0x20012460        0x0 load address 0x00003ee0
 .igot.plt      0x20012460        0x0 scene.o
                0x20012460                . = ALIGN (0x4)
                0x20012460                __heap_start = .
                [!provide]                PROVIDE (__heap_start = __heap_start)
                0x20012460                . = ALIGN (0x4)
                0x20018000                __heap_end = __ram_end
                [!provide]                PROVIDE (__heap_end = __heap_end)

.stab
 *(.stab)

.stabstr
 *(.stabstr)

.debug
 *(.debug)

.line
 *(.line)

.debug_srcinfo
 *(.debug_srcinfo)

.debug_sfnames
 *(.debug_sfnames)

.debug_aranges
 *(.debug_aranges)

.debug_pubnames
 *(.debug_pubnames)

.debug_info
 *(.debug_info .gnu.linkonce.wi.*)

.debug_abbrev
 *(.debug_abbrev)

.debug_line
 *(.debug_line)

.debug_frame    0x00000000      0x594
 *(.debug_frame)
 .debug_frame   0x00000000       0x40 c:/program files (x86)/gnu tools arm embedded/8 2018-q4-major/bin/../lib/gcc/arm-none-eabi/8.2.1/../../../../arm-none-eabi/lib/thumb/v7-m/nofp\libm.a(lib_a-w_pow.o)
 .debug_frame   0x00000040       0x64 c:/program files (x86)/gnu tools arm embedded/8 2018-q4-major/bin/../lib/gcc/arm-none-eabi/8.2.1/../../../../arm-none-eabi/lib/thumb/v7-m/nofp\libm.a(lib_a-e_pow.o)
 .debug_frame   0x000000a4       0x30 c:/program files (x86)/gnu tools arm embedded/8 2018-q4-major/bin/../lib/gcc/arm-none-eabi/8.2.1/../../../../arm-none-eabi/lib/thumb/v7-m/nofp\libm.a(lib_a-e_sqrt.o)
 .debug_frame   0x000000d4       0x20 c:/program files (x86)/gnu tools arm embedded/8 2018-q4-major/bin/../lib/gcc/arm-none-eabi/8.2.1/../../../../arm-none-eabi/lib/thumb/v7-m/nofp\libm.a(lib_a-s_fabs.o)
 .debug_frame   0x000000f4       0x20 c:/program files (x86)/gnu tools arm embedded/8 2018-q4-major/bin/../lib/gcc/arm-none-eabi/8.2.1/../../../../arm-none-eabi/lib/thumb/v7-m/nofp\libm.a(lib_a-s_finite.o)
 .debug_frame   0x00000114       0x20 c:/program files (x86)/gnu tools arm embedded/8 2018-q4-major/bin/../lib/gcc/arm-none-eabi/8.2.1/../../../../arm-none-eabi/lib/thumb/v7-m/nofp\libm.a(lib_a-s_matherr.o)
 .debug_frame   0x00000134       0x20 c:/program files (x86)/gnu tools arm embedded/8 2018-q4-major/bin/../lib/gcc/arm-none-eabi/8.2.1/../../../../arm-none-eabi/lib/thumb/v7-m/nofp\libm.a(lib_a-s_nan.o)
 .debug_frame   0x00000154       0x44 c:/program files (x86)/gnu tools arm embedded/8 2018-q4-major/bin/../lib/gcc/arm-none-eabi/8.2.1/../../../../arm-none-eabi/lib/thumb/v7-m/nofp\libm.a(lib_a-s_rint.o)
 .debug_frame   0x00000198       0x30 c:/program files (x86)/gnu tools arm embedded/8 2018-q4-major/bin/../lib/gcc/arm-none-eabi/8.2.1/../../../../arm-none-eabi/lib/thumb/v7-m/nofp\libm.a(lib_a-s_scalbn.o)
 .debug_frame   0x000001c8       0xac c:/program files (x86)/gnu tools arm embedded/8 2018-q4-major/bin/../lib/gcc/arm-none-eabi/8.2.1/thumb/v7-m/nofp\libgcc.a(_arm_addsubdf3.o)
 .debug_frame   0x00000274       0x50 c:/program files (x86)/gnu tools arm embedded/8 2018-q4-major/bin/../lib/gcc/arm-none-eabi/8.2.1/thumb/v7-m/nofp\libgcc.a(_arm_muldivdf3.o)
 .debug_frame   0x000002c4       0xc4 c:/program files (x86)/gnu tools arm embedded/8 2018-q4-major/bin/../lib/gcc/arm-none-eabi/8.2.1/thumb/v7-m/nofp\libgcc.a(_arm_cmpdf2.o)
 .debug_frame   0x00000388       0x20 c:/program files (x86)/gnu tools arm embedded/8 2018-q4-major/bin/../lib/gcc/arm-none-eabi/8.2.1/thumb/v7-m/nofp\libgcc.a(_arm_unorddf2.o)
 .debug_frame   0x000003a8       0x24 c:/program files (x86)/gnu tools arm embedded/8 2018-q4-major/bin/../lib/gcc/arm-none-eabi/8.2.1/thumb/v7-m/nofp\libgcc.a(_arm_truncdfsf2.o)
 .debug_frame   0x000003cc       0x4c c:/program files (x86)/gnu tools arm embedded/8 2018-q4-major/bin/../lib/gcc/arm-none-eabi/8.2.1/thumb/v7-m/nofp\libgcc.a(_arm_addsubsf3.o)
 .debug_frame   0x00000418       0x38 c:/program files (x86)/gnu tools arm embedded/8 2018-q4-major/bin/../lib/gcc/arm-none-eabi/8.2.1/thumb/v7-m/nofp\libgcc.a(_arm_muldivsf3.o)
 .debug_frame   0x00000450       0x24 c:/program files (x86)/gnu tools arm embedded/8 2018-q4-major/bin/../lib/gcc/arm-none-eabi/8.2.1/thumb/v7-m/nofp\libgcc.a(_arm_fixsfsi.o)
 .debug_frame   0x00000474       0x24 c:/program files (x86)/gnu tools arm embedded/8 2018-q4-major/bin/../lib/gcc/arm-none-eabi/8.2.1/thumb/v7-m/nofp\libgcc.a(_arm_fixunssfsi.o)
 .debug_frame   0x00000498       0x44 c:/program files (x86)/gnu tools arm embedded/8 2018-q4-major/bin/../lib/gcc/arm-none-eabi/8.2.1/thumb/v7-m/nofp\libgcc.a(_aeabi_ldivmod.o)
 .debug_frame   0x000004dc       0x2c c:/program files (x86)/gnu tools arm embedded/8 2018-q4-major/bin/../lib/gcc/arm-none-eabi/8.2.1/thumb/v7-m/nofp\libgcc.a(_aeabi_uldivmod.o)
 .debug_frame   0x00000508       0x34 c:/program files (x86)/gnu tools arm embedded/8 2018-q4-major/bin/../lib/gcc/arm-none-eabi/8.2.1/thumb/v7-m/nofp\libgcc.a(_udivmoddi4.o)
 .debug_frame   0x0000053c       0x20 c:/program files (x86)/gnu tools arm embedded/8 2018-q4-major/bin/../lib/gcc/arm-none-eabi/8.2.1/../../../../arm-none-eabi/lib/thumb/v7-m/nofp\libc.a(lib_a-errno.o)
 .debug_frame   0x0000055c       0x38 c:/program files (x86)/gnu tools arm embedded/8 2018-q4-major/bin/../lib/gcc/arm-none-eabi/8.2.1/../../../../arm-none-eabi/lib/thumb/v7-m/nofp\libc.a(lib_a-memset.o)

.comment        0x00000000       0x75
 .comment       0x00000000       0x75 scene.o
                                 0x76 (size before relaxing)
 .comment       0x00000075       0x76 bmp280.o
 .comment       0x00000075       0x76 hwlib.o
 .comment       0x00000075       0x76 main.o
 .comment       0x00000075       0x76 bmptk_cortex.o
 .comment       0x00000075       0x76 bmptk_fixed_size_stack.o

.debug_str
 *(.debug_str)

.debug_loc
 *(.debug_loc)

.debug_macinfo
 *(.debug_macinfo)

.debug_weaknames
 *(.debug_weaknames)

.debug_funcnames
 *(.debug_funcnames)

.debug_typenames
 *(.debug_typenames)

.debug_varnames
 *(.debug_varnames)

.note.gnu.arm.ident
 *(.note.gnu.arm.ident)

.ARM.attributes
                0x00000000       0x2d
 *(.ARM.attributes)
 .ARM.attributes
                0x00000000       0x2d scene.o
 .ARM.attributes
                0x0000002d       0x2d bmp280.o
 .ARM.attributes
                0x0000005a       0x2d hwlib.o
 .ARM.attributes
                0x00000087       0x2d main.o
 .ARM.attributes
                0x000000b4       0x2d bmptk_cortex.o
 .ARM.attributes
                0x000000e1       0x2d bmptk_heap_none.o
 .ARM.attributes
                0x0000010e       0x33 bmptk_fixed_size_stack.o
 .ARM.attributes
                0x00000141       0x2d c:/program files (x86)/gnu tools arm embedded/8 2018-q4-major/bin/../lib/gcc/arm-none-eabi/8.2.1/../../../../arm-none-eabi/lib/thumb/v7-m/nofp\libm.a(lib_a-sf_cos.o)
 .ARM.attributes
                0x0000016e       0x2d c:/program files (x86)/gnu tools arm embedded/8 2018-q4-major/bin/../lib/gcc/arm-none-eabi/8.2.1/../../../../arm-none-eabi/lib/thumb/v7-m/nofp\libm.a(lib_a-sf_sin.o)
 .ARM.attributes
                0x0000019b       0x2d c:/program files (x86)/gnu tools arm embedded/8 2018-q4-major/bin/../lib/gcc/arm-none-eabi/8.2.1/../../../../arm-none-eabi/lib/thumb/v7-m/nofp\libm.a(lib_a-w_pow.o)
 .ARM.attributes
                0x000001c8       0x2d c:/program files (x86)/gnu tools arm embedded/8 2018-q4-major/bin/../lib/gcc/arm-none-eabi/8.2.1/../../../../arm-none-eabi/lib/thumb/v7-m/nofp\libm.a(lib_a-e_pow.o)
 .ARM.attributes
                0x000001f5       0x2d c:/program files (x86)/gnu tools arm embedded/8 2018-q4-major/bin/../lib/gcc/arm-none-eabi/8.2.1/../../../../arm-none-eabi/lib/thumb/v7-m/nofp\libm.a(lib_a-e_sqrt.o)
 .ARM.attributes
                0x00000222       0x2d c:/program files (x86)/gnu tools arm embedded/8 2018-q4-major/bin/../lib/gcc/arm-none-eabi/8.2.1/../../../../arm-none-eabi/lib/thumb/v7-m/nofp\libm.a(lib_a-ef_rem_pio2.o)
 .ARM.attributes
                0x0000024f       0x2d c:/program files (x86)/gnu tools arm embedded/8 2018-q4-major/bin/../lib/gcc/arm-none-eabi/8.2.1/../../../../arm-none-eabi/lib/thumb/v7-m/nofp\libm.a(lib_a-kf_cos.o)
 .ARM.attributes
                0x0000027c       0x2d c:/program files (x86)/gnu tools arm embedded/8 2018-q4-major/bin/../lib/gcc/arm-none-eabi/8.2.1/../../../../arm-none-eabi/lib/thumb/v7-m/nofp\libm.a(lib_a-kf_rem_pio2.o)
 .ARM.attributes
                0x000002a9       0x2d c:/program files (x86)/gnu tools arm embedded/8 2018-q4-major/bin/../lib/gcc/arm-none-eabi/8.2.1/../../../../arm-none-eabi/lib/thumb/v7-m/nofp\libm.a(lib_a-kf_sin.o)
 .ARM.attributes
                0x000002d6       0x2d c:/program files (x86)/gnu tools arm embedded/8 2018-q4-major/bin/../lib/gcc/arm-none-eabi/8.2.1/../../../../arm-none-eabi/lib/thumb/v7-m/nofp\libm.a(lib_a-s_fabs.o)
 .ARM.attributes
                0x00000303       0x2d c:/program files (x86)/gnu tools arm embedded/8 2018-q4-major/bin/../lib/gcc/arm-none-eabi/8.2.1/../../../../arm-none-eabi/lib/thumb/v7-m/nofp\libm.a(lib_a-s_finite.o)
 .ARM.attributes
                0x00000330       0x2d c:/program files (x86)/gnu tools arm embedded/8 2018-q4-major/bin/../lib/gcc/arm-none-eabi/8.2.1/../../../../arm-none-eabi/lib/thumb/v7-m/nofp\libm.a(lib_a-s_lib_ver.o)
 .ARM.attributes
                0x0000035d       0x2d c:/program files (x86)/gnu tools arm embedded/8 2018-q4-major/bin/../lib/gcc/arm-none-eabi/8.2.1/../../../../arm-none-eabi/lib/thumb/v7-m/nofp\libm.a(lib_a-s_matherr.o)
 .ARM.attributes
                0x0000038a       0x2d c:/program files (x86)/gnu tools arm embedded/8 2018-q4-major/bin/../lib/gcc/arm-none-eabi/8.2.1/../../../../arm-none-eabi/lib/thumb/v7-m/nofp\libm.a(lib_a-s_nan.o)
 .ARM.attributes
                0x000003b7       0x2d c:/program files (x86)/gnu tools arm embedded/8 2018-q4-major/bin/../lib/gcc/arm-none-eabi/8.2.1/../../../../arm-none-eabi/lib/thumb/v7-m/nofp\libm.a(lib_a-s_rint.o)
 .ARM.attributes
                0x000003e4       0x2d c:/program files (x86)/gnu tools arm embedded/8 2018-q4-major/bin/../lib/gcc/arm-none-eabi/8.2.1/../../../../arm-none-eabi/lib/thumb/v7-m/nofp\libm.a(lib_a-s_scalbn.o)
 .ARM.attributes
                0x00000411       0x2d c:/program files (x86)/gnu tools arm embedded/8 2018-q4-major/bin/../lib/gcc/arm-none-eabi/8.2.1/../../../../arm-none-eabi/lib/thumb/v7-m/nofp\libm.a(lib_a-sf_fabs.o)
 .ARM.attributes
                0x0000043e       0x2d c:/program files (x86)/gnu tools arm embedded/8 2018-q4-major/bin/../lib/gcc/arm-none-eabi/8.2.1/../../../../arm-none-eabi/lib/thumb/v7-m/nofp\libm.a(lib_a-sf_floor.o)
 .ARM.attributes
                0x0000046b       0x2d c:/program files (x86)/gnu tools arm embedded/8 2018-q4-major/bin/../lib/gcc/arm-none-eabi/8.2.1/../../../../arm-none-eabi/lib/thumb/v7-m/nofp\libm.a(lib_a-sf_scalbn.o)
 .ARM.attributes
                0x00000498       0x1d c:/program files (x86)/gnu tools arm embedded/8 2018-q4-major/bin/../lib/gcc/arm-none-eabi/8.2.1/thumb/v7-m/nofp\libgcc.a(_arm_addsubdf3.o)
 .ARM.attributes
                0x000004b5       0x1d c:/program files (x86)/gnu tools arm embedded/8 2018-q4-major/bin/../lib/gcc/arm-none-eabi/8.2.1/thumb/v7-m/nofp\libgcc.a(_arm_muldivdf3.o)
 .ARM.attributes
                0x000004d2       0x1d c:/program files (x86)/gnu tools arm embedded/8 2018-q4-major/bin/../lib/gcc/arm-none-eabi/8.2.1/thumb/v7-m/nofp\libgcc.a(_arm_cmpdf2.o)
 .ARM.attributes
                0x000004ef       0x1d c:/program files (x86)/gnu tools arm embedded/8 2018-q4-major/bin/../lib/gcc/arm-none-eabi/8.2.1/thumb/v7-m/nofp\libgcc.a(_arm_unorddf2.o)
 .ARM.attributes
                0x0000050c       0x1d c:/program files (x86)/gnu tools arm embedded/8 2018-q4-major/bin/../lib/gcc/arm-none-eabi/8.2.1/thumb/v7-m/nofp\libgcc.a(_arm_truncdfsf2.o)
 .ARM.attributes
                0x00000529       0x1d c:/program files (x86)/gnu tools arm embedded/8 2018-q4-major/bin/../lib/gcc/arm-none-eabi/8.2.1/thumb/v7-m/nofp\libgcc.a(_arm_addsubsf3.o)
 .ARM.attributes
                0x00000546       0x1d c:/program files (x86)/gnu tools arm embedded/8 2018-q4-major/bin/../lib/gcc/arm-none-eabi/8.2.1/thumb/v7-m/nofp\libgcc.a(_arm_muldivsf3.o)
 .ARM.attributes
                0x00000563       0x1d c:/program files (x86)/gnu tools arm embedded/8 2018-q4-major/bin/../lib/gcc/arm-none-eabi/8.2.1/thumb/v7-m/nofp\libgcc.a(_arm_cmpsf2.o)
 .ARM.attributes
                0x00000580       0x1d c:/program files (x86)/gnu tools arm embedded/8 2018-q4-major/bin/../lib/gcc/arm-none-eabi/8.2.1/thumb/v7-m/nofp\libgcc.a(_arm_fixsfsi.o)
 .ARM.attributes
                0x0000059d       0x1d c:/program files (x86)/gnu tools arm embedded/8 2018-q4-major/bin/../lib/gcc/arm-none-eabi/8.2.1/thumb/v7-m/nofp\libgcc.a(_arm_fixunssfsi.o)
 .ARM.attributes
                0x000005ba       0x1d c:/program files (x86)/gnu tools arm embedded/8 2018-q4-major/bin/../lib/gcc/arm-none-eabi/8.2.1/thumb/v7-m/nofp\libgcc.a(_aeabi_ldivmod.o)
 .ARM.attributes
                0x000005d7       0x1d c:/program files (x86)/gnu tools arm embedded/8 2018-q4-major/bin/../lib/gcc/arm-none-eabi/8.2.1/thumb/v7-m/nofp\libgcc.a(_aeabi_uldivmod.o)
 .ARM.attributes
                0x000005f4       0x2d c:/program files (x86)/gnu tools arm embedded/8 2018-q4-major/bin/../lib/gcc/arm-none-eabi/8.2.1/thumb/v7-m/nofp\libgcc.a(_udivmoddi4.o)
 .ARM.attributes
                0x00000621       0x1d c:/program files (x86)/gnu tools arm embedded/8 2018-q4-major/bin/../lib/gcc/arm-none-eabi/8.2.1/thumb/v7-m/nofp\libgcc.a(_dvmd_tls.o)
 .ARM.attributes
                0x0000063e       0x2d c:/program files (x86)/gnu tools arm embedded/8 2018-q4-major/bin/../lib/gcc/arm-none-eabi/8.2.1/../../../../arm-none-eabi/lib/thumb/v7-m/nofp\libc.a(lib_a-errno.o)
 .ARM.attributes
                0x0000066b       0x2d c:/program files (x86)/gnu tools arm embedded/8 2018-q4-major/bin/../lib/gcc/arm-none-eabi/8.2.1/../../../../arm-none-eabi/lib/thumb/v7-m/nofp\libc.a(lib_a-impure.o)
 .ARM.attributes
                0x00000698       0x2d c:/program files (x86)/gnu tools arm embedded/8 2018-q4-major/bin/../lib/gcc/arm-none-eabi/8.2.1/../../../../arm-none-eabi/lib/thumb/v7-m/nofp\libc.a(lib_a-memset.o)

/DISCARD/
 *(.note.GNU-stack)
                [!provide]                PROVIDE (__text_size = (__text_end - __text_start))
                [!provide]                PROVIDE (__exidx_size = (__exidx_end - __exidx_start))
                [!provide]                PROVIDE (__bss_size = (__bss_end - __bss_start))
                [!provide]                PROVIDE (__stack_size = (__stack_end - __stack_start))
                [!provide]                PROVIDE (__heap_size = (__heap_end - __heap_start))
OUTPUT(main.elf elf32-littlearm)
